Archive member included to satisfy reference by file (symbol)

/opt/st/stm32cubeide_1.16.0/plugins/com.st.stm32cube.ide.mcu.externaltools.gnu-tools-for-stm32.12.3.rel1.linux64_1.0.200.202406132123/tools/bin/../lib/gcc/arm-none-eabi/12.3.1/../../../../arm-none-eabi/lib/thumb/v7e-m/nofp/libc_nano.a(libc_a-exit.o)
                              /opt/st/stm32cubeide_1.16.0/plugins/com.st.stm32cube.ide.mcu.externaltools.gnu-tools-for-stm32.12.3.rel1.linux64_1.0.200.202406132123/tools/bin/../lib/gcc/arm-none-eabi/12.3.1/../../../../arm-none-eabi/lib/thumb/v7e-m/nofp/crt0.o (exit)
/opt/st/stm32cubeide_1.16.0/plugins/com.st.stm32cube.ide.mcu.externaltools.gnu-tools-for-stm32.12.3.rel1.linux64_1.0.200.202406132123/tools/bin/../lib/gcc/arm-none-eabi/12.3.1/../../../../arm-none-eabi/lib/thumb/v7e-m/nofp/libc_nano.a(libc_a-findfp.o)
                              /opt/st/stm32cubeide_1.16.0/plugins/com.st.stm32cube.ide.mcu.externaltools.gnu-tools-for-stm32.12.3.rel1.linux64_1.0.200.202406132123/tools/bin/../lib/gcc/arm-none-eabi/12.3.1/../../../../arm-none-eabi/lib/thumb/v7e-m/nofp/libc_nano.a(libc_a-exit.o) (__stdio_exit_handler)
/opt/st/stm32cubeide_1.16.0/plugins/com.st.stm32cube.ide.mcu.externaltools.gnu-tools-for-stm32.12.3.rel1.linux64_1.0.200.202406132123/tools/bin/../lib/gcc/arm-none-eabi/12.3.1/../../../../arm-none-eabi/lib/thumb/v7e-m/nofp/libc_nano.a(libc_a-fwalk.o)
                              /opt/st/stm32cubeide_1.16.0/plugins/com.st.stm32cube.ide.mcu.externaltools.gnu-tools-for-stm32.12.3.rel1.linux64_1.0.200.202406132123/tools/bin/../lib/gcc/arm-none-eabi/12.3.1/../../../../arm-none-eabi/lib/thumb/v7e-m/nofp/libc_nano.a(libc_a-findfp.o) (_fwalk_sglue)
/opt/st/stm32cubeide_1.16.0/plugins/com.st.stm32cube.ide.mcu.externaltools.gnu-tools-for-stm32.12.3.rel1.linux64_1.0.200.202406132123/tools/bin/../lib/gcc/arm-none-eabi/12.3.1/../../../../arm-none-eabi/lib/thumb/v7e-m/nofp/libc_nano.a(libc_a-stdio.o)
                              /opt/st/stm32cubeide_1.16.0/plugins/com.st.stm32cube.ide.mcu.externaltools.gnu-tools-for-stm32.12.3.rel1.linux64_1.0.200.202406132123/tools/bin/../lib/gcc/arm-none-eabi/12.3.1/../../../../arm-none-eabi/lib/thumb/v7e-m/nofp/libc_nano.a(libc_a-findfp.o) (__sread)
/opt/st/stm32cubeide_1.16.0/plugins/com.st.stm32cube.ide.mcu.externaltools.gnu-tools-for-stm32.12.3.rel1.linux64_1.0.200.202406132123/tools/bin/../lib/gcc/arm-none-eabi/12.3.1/../../../../arm-none-eabi/lib/thumb/v7e-m/nofp/libc_nano.a(libc_a-memset.o)
                              /opt/st/stm32cubeide_1.16.0/plugins/com.st.stm32cube.ide.mcu.externaltools.gnu-tools-for-stm32.12.3.rel1.linux64_1.0.200.202406132123/tools/bin/../lib/gcc/arm-none-eabi/12.3.1/../../../../arm-none-eabi/lib/thumb/v7e-m/nofp/crt0.o (memset)
/opt/st/stm32cubeide_1.16.0/plugins/com.st.stm32cube.ide.mcu.externaltools.gnu-tools-for-stm32.12.3.rel1.linux64_1.0.200.202406132123/tools/bin/../lib/gcc/arm-none-eabi/12.3.1/../../../../arm-none-eabi/lib/thumb/v7e-m/nofp/libc_nano.a(libc_a-closer.o)
                              /opt/st/stm32cubeide_1.16.0/plugins/com.st.stm32cube.ide.mcu.externaltools.gnu-tools-for-stm32.12.3.rel1.linux64_1.0.200.202406132123/tools/bin/../lib/gcc/arm-none-eabi/12.3.1/../../../../arm-none-eabi/lib/thumb/v7e-m/nofp/libc_nano.a(libc_a-stdio.o) (_close_r)
/opt/st/stm32cubeide_1.16.0/plugins/com.st.stm32cube.ide.mcu.externaltools.gnu-tools-for-stm32.12.3.rel1.linux64_1.0.200.202406132123/tools/bin/../lib/gcc/arm-none-eabi/12.3.1/../../../../arm-none-eabi/lib/thumb/v7e-m/nofp/libc_nano.a(libc_a-reent.o)
                              /opt/st/stm32cubeide_1.16.0/plugins/com.st.stm32cube.ide.mcu.externaltools.gnu-tools-for-stm32.12.3.rel1.linux64_1.0.200.202406132123/tools/bin/../lib/gcc/arm-none-eabi/12.3.1/../../../../arm-none-eabi/lib/thumb/v7e-m/nofp/libc_nano.a(libc_a-closer.o) (errno)
/opt/st/stm32cubeide_1.16.0/plugins/com.st.stm32cube.ide.mcu.externaltools.gnu-tools-for-stm32.12.3.rel1.linux64_1.0.200.202406132123/tools/bin/../lib/gcc/arm-none-eabi/12.3.1/../../../../arm-none-eabi/lib/thumb/v7e-m/nofp/libc_nano.a(libc_a-impure.o)
                              /opt/st/stm32cubeide_1.16.0/plugins/com.st.stm32cube.ide.mcu.externaltools.gnu-tools-for-stm32.12.3.rel1.linux64_1.0.200.202406132123/tools/bin/../lib/gcc/arm-none-eabi/12.3.1/../../../../arm-none-eabi/lib/thumb/v7e-m/nofp/libc_nano.a(libc_a-reent.o) (_impure_ptr)
/opt/st/stm32cubeide_1.16.0/plugins/com.st.stm32cube.ide.mcu.externaltools.gnu-tools-for-stm32.12.3.rel1.linux64_1.0.200.202406132123/tools/bin/../lib/gcc/arm-none-eabi/12.3.1/../../../../arm-none-eabi/lib/thumb/v7e-m/nofp/libc_nano.a(libc_a-lseekr.o)
                              /opt/st/stm32cubeide_1.16.0/plugins/com.st.stm32cube.ide.mcu.externaltools.gnu-tools-for-stm32.12.3.rel1.linux64_1.0.200.202406132123/tools/bin/../lib/gcc/arm-none-eabi/12.3.1/../../../../arm-none-eabi/lib/thumb/v7e-m/nofp/libc_nano.a(libc_a-stdio.o) (_lseek_r)
[...]
Memory Configuration

Name             Origin             Length             Attributes
RAM              0x20000000         0x00020000         xrw
FLASH            0x08000000         0x00080000         xr
*default*        0x00000000         0xffffffff

Linker script and memory map

LOAD /opt/st/stm32cubeide_1.16.0/plugins/com.st.stm32cube.ide.mcu.externaltools.gnu-tools-for-stm32.12.3.rel1.linux64_1.0.200.202406132123/tools/bin/../lib/gcc/arm-none-eabi/12.3.1/thumb/v7e-m/nofp/crti.o
LOAD /opt/st/stm32cubeide_1.16.0/plugins/com.st.stm32cube.ide.mcu.externaltools.gnu-tools-for-stm32.12.3.rel1.linux64_1.0.200.202406132123/tools/bin/../lib/gcc/arm-none-eabi/12.3.1/thumb/v7e-m/nofp/crtbegin.o
LOAD /opt/st/stm32cubeide_1.16.0/plugins/com.st.stm32cube.ide.mcu.externaltools.gnu-tools-for-stm32.12.3.rel1.linux64_1.0.200.202406132123/tools/bin/../lib/gcc/arm-none-eabi/12.3.1/../../../../arm-none-eabi/lib/thumb/v7e-m/nofp/crt0.o
LOAD ./Src/CriticalSection.o
LOAD ./Src/IntExc.o
LOAD ./Src/Mutex.o
LOAD ./Src/StackAddressing.o
LOAD ./Src/SysTick.o
LOAD ./Src/Tasks.o
LOAD ./Src/main.o
LOAD ./Src/syscalls.o
LOAD ./Src/sysmem.o
LOAD ./Startup/startup_stm32f411ceux.o
START GROUP
LOAD /opt/st/stm32cubeide_1.16.0/plugins/com.st.stm32cube.ide.mcu.externaltools.gnu-tools-for-stm32.12.3.rel1.linux64_1.0.200.202406132123/tools/bin/../lib/gcc/arm-none-eabi/12.3.1/../../../../arm-none-eabi/lib/thumb/v7e-m/nofp/libc_nano.a
LOAD /opt/st/stm32cubeide_1.16.0/plugins/com.st.stm32cube.ide.mcu.externaltools.gnu-tools-for-stm32.12.3.rel1.linux64_1.0.200.202406132123/tools/bin/../lib/gcc/arm-none-eabi/12.3.1/../../../../arm-none-eabi/lib/thumb/v7e-m/nofp/libm.a
END GROUP
START GROUP
LOAD /opt/st/stm32cubeide_1.16.0/plugins/com.st.stm32cube.ide.mcu.externaltools.gnu-tools-for-stm32.12.3.rel1.linux64_1.0.200.202406132123/tools/bin/../lib/gcc/arm-none-eabi/12.3.1/thumb/v7e-m/nofp/libgcc.a
LOAD /opt/st/stm32cubeide_1.16.0/plugins/com.st.stm32cube.ide.mcu.externaltools.gnu-tools-for-stm32.12.3.rel1.linux64_1.0.200.202406132123/tools/bin/../lib/gcc/arm-none-eabi/12.3.1/../../../../arm-none-eabi/lib/thumb/v7e-m/nofp/libc_nano.a
END GROUP
START GROUP
LOAD /opt/st/stm32cubeide_1.16.0/plugins/com.st.stm32cube.ide.mcu.externaltools.gnu-tools-for-stm32.12.3.rel1.linux64_1.0.200.202406132123/tools/bin/../lib/gcc/arm-none-eabi/12.3.1/thumb/v7e-m/nofp/libgcc.a
LOAD /opt/st/stm32cubeide_1.16.0/plugins/com.st.stm32cube.ide.mcu.externaltools.gnu-tools-for-stm32.12.3.rel1.linux64_1.0.200.202406132123/tools/bin/../lib/gcc/arm-none-eabi/12.3.1/../../../../arm-none-eabi/lib/thumb/v7e-m/nofp/libc_nano.a
LOAD /opt/st/stm32cubeide_1.16.0/plugins/com.st.stm32cube.ide.mcu.externaltools.gnu-tools-for-stm32.12.3.rel1.linux64_1.0.200.202406132123/tools/bin/../lib/gcc/arm-none-eabi/12.3.1/../../../../arm-none-eabi/lib/thumb/v7e-m/nofp/libnosys.a
END GROUP
START GROUP
LOAD /opt/st/stm32cubeide_1.16.0/plugins/com.st.stm32cube.ide.mcu.externaltools.gnu-tools-for-stm32.12.3.rel1.linux64_1.0.200.202406132123/tools/bin/../lib/gcc/arm-none-eabi/12.3.1/thumb/v7e-m/nofp/libgcc.a
LOAD /opt/st/stm32cubeide_1.16.0/plugins/com.st.stm32cube.ide.mcu.externaltools.gnu-tools-for-stm32.12.3.rel1.linux64_1.0.200.202406132123/tools/bin/../lib/gcc/arm-none-eabi/12.3.1/../../../../arm-none-eabi/lib/thumb/v7e-m/nofp/libc_nano.a
LOAD /opt/st/stm32cubeide_1.16.0/plugins/com.st.stm32cube.ide.mcu.externaltools.gnu-tools-for-stm32.12.3.rel1.linux64_1.0.200.202406132123/tools/bin/../lib/gcc/arm-none-eabi/12.3.1/../../../../arm-none-eabi/lib/thumb/v7e-m/nofp/libnosys.a
END GROUP
LOAD /opt/st/stm32cubeide_1.16.0/plugins/com.st.stm32cube.ide.mcu.externaltools.gnu-tools-for-stm32.12.3.rel1.linux64_1.0.200.202406132123/tools/bin/../lib/gcc/arm-none-eabi/12.3.1/thumb/v7e-m/nofp/crtend.o
LOAD /opt/st/stm32cubeide_1.16.0/plugins/com.st.stm32cube.ide.mcu.externaltools.gnu-tools-for-stm32.12.3.rel1.linux64_1.0.200.202406132123/tools/bin/../lib/gcc/arm-none-eabi/12.3.1/thumb/v7e-m/nofp/crtn.o
                0x20020000                        _estack = (ORIGIN (RAM) + LENGTH (RAM))
                0x00000200                        _Min_Heap_Size = 0x200
                0x00000400                        _Min_Stack_Size = 0x400

.isr_vector     0x08000000      0x198
                0x08000000                        . = ALIGN (0x4)
 *(.isr_vector)
 .isr_vector    0x08000000      0x198 ./Startup/startup_stm32f411ceux.o
                0x08000000                g_pfnVectors
                0x08000198                        . = ALIGN (0x4)

.text           0x08000198      0x6f4
                0x08000198                        . = ALIGN (0x4)
 *(.text)
 .text          0x08000198       0x40 /opt/st/stm32cubeide_1.16.0/plugins/com.st.stm32cube.ide.mcu.externaltools.gnu-tools-for-stm32.12.3.rel1.linux64_1.0.200.202406132123/tools/bin/../lib/gcc/arm-none-eabi/12.3.1/thumb/v7e-m/nofp/crtbegin.o
 *(.text*)
 .text.CriticalSection
                0x080001d8       0x30 ./Src/CriticalSection.o
                0x080001d8                CriticalSection
 .text.EnableExc
                0x08000208        0xc ./Src/IntExc.o
                0x08000208                EnableExc
 .text.DisableExc
                0x08000214        0xc ./Src/IntExc.o
                0x08000214                DisableExc
 .text.MutexAvailable
                0x08000220       0x14 ./Src/Mutex.o
                0x08000220                MutexAvailable
 .text.TakeMutex
                0x08000234       0x24 ./Src/Mutex.o
                0x08000234                TakeMutex
 .text.ReleaseMutex
                0x08000258       0x24 ./Src/Mutex.o
                0x08000258                ReleaseMutex
 .text.IncreasePriority
                0x0800027c       0x28 ./Src/Mutex.o
                0x0800027c                IncreasePriority
 .text.SetMSP   0x080002a4       0x10 ./Src/StackAddressing.o
                0x080002a4                SetMSP
 .text.InitializeTasksPrivateStack
                0x080002b4      0x13c ./Src/StackAddressing.o
                0x080002b4                InitializeTasksPrivateStack
 .text.GetCurrentPSP
                0x080003f0       0x20 ./Src/StackAddressing.o
                0x080003f0                GetCurrentPSP
 .text.ChangeSPtoPSP
                0x08000410       0x1a ./Src/StackAddressing.o
                0x08000410                ChangeSPtoPSP
 *fill*         0x0800042a        0x2 
 .text.StoreCurrentPSP
                0x0800042c       0x30 ./Src/StackAddressing.o
                0x0800042c                StoreCurrentPSP
 .text.ConfigureSystickInterrupt
                0x0800045c       0x48 ./Src/SysTick.o
                0x0800045c                ConfigureSystickInterrupt
 .text.Task1    0x080004a4       0x12 ./Src/Tasks.o
                0x080004a4                Task1
 .text.Task2    0x080004b6       0x12 ./Src/Tasks.o
                0x080004b6                Task2
 .text.Task3    0x080004c8       0x14 ./Src/Tasks.o
                0x080004c8                Task3
 .text.Task4    0x080004dc       0x14 ./Src/Tasks.o
                0x080004dc                Task4
 .text.IdleTask
                0x080004f0        0x8 ./Src/Tasks.o
                0x080004f0                IdleTask
 .text.ScheduleTask
                0x080004f8       0xd0 ./Src/Tasks.o
                0x080004f8                ScheduleTask
 .text.BlockTask
                0x080005c8       0x54 ./Src/Tasks.o
                0x080005c8                BlockTask
 .text.UpdateTaskState
                0x0800061c       0x64 ./Src/Tasks.o
                0x0800061c                UpdateTaskState
 .text.main     0x08000680       0x2a ./Src/main.o
                0x08000680                main
 *fill*         0x080006aa        0x2 
 .text.SysTick_Handler
                0x080006ac       0x20 ./Src/main.o
                0x080006ac                SysTick_Handler
 .text.PendSV_Handler
                0x080006cc       0x26 ./Src/main.o
                0x080006cc                PendSV_Handler
 *fill*         0x080006f2        0x2 
 .text.EnableSystemFaults
                0x080006f4       0x24 ./Src/main.o
                0x080006f4                EnableSystemFaults
 .text.PendSVPriority
                0x08000718       0x2c ./Src/main.o
                0x08000718                PendSVPriority
 .text.SetPendSV
                0x08000744       0x24 ./Src/main.o
                0x08000744                SetPendSV
 .text.HardFault_Handler
                0x08000768       0x1c ./Src/main.o
                0x08000768                HardFault_Handler
 .text.MemManage_Handler
                0x08000784       0x1c ./Src/main.o
                0x08000784                MemManage_Handler
 .text.BusFault_Handler
                0x080007a0       0x1c ./Src/main.o
                0x080007a0                BusFault_Handler
 .text.UsageFault_Handler
                0x080007bc       0x1c ./Src/main.o
                0x080007bc                UsageFault_Handler
 .text.Reset_Handler
                0x080007d8       0x50 ./Startup/startup_stm32f411ceux.o
                0x080007d8                Reset_Handler
 .text.Default_Handler
                0x08000828        0x2 ./Startup/startup_stm32f411ceux.o
                0x08000828                RTC_Alarm_IRQHandler
                0x08000828                EXTI2_IRQHandler
                0x08000828                DebugMon_Handler
                0x08000828                SPI4_IRQHandler
                0x08000828                TIM1_CC_IRQHandler
                0x08000828                DMA2_Stream5_IRQHandler
                0x08000828                DMA1_Stream5_IRQHandler
                0x08000828                PVD_IRQHandler
                0x08000828                SDIO_IRQHandler
                0x08000828                TAMP_STAMP_IRQHandler
                0x08000828                NMI_Handler
                0x08000828                EXTI3_IRQHandler
                0x08000828                TIM1_UP_TIM10_IRQHandler
                0x08000828                I2C3_ER_IRQHandler
                0x08000828                EXTI0_IRQHandler
                0x08000828                I2C2_EV_IRQHandler
                0x08000828                DMA1_Stream2_IRQHandler
                0x08000828                DMA2_Stream2_IRQHandler
                0x08000828                SPI1_IRQHandler
                0x08000828                TIM1_BRK_TIM9_IRQHandler
                0x08000828                DMA2_Stream3_IRQHandler
                0x08000828                USART6_IRQHandler
                0x08000828                DMA2_Stream0_IRQHandler
                0x08000828                TIM4_IRQHandler
                0x08000828                I2C1_EV_IRQHandler
                0x08000828                DMA1_Stream6_IRQHandler
                0x08000828                DMA1_Stream1_IRQHandler
                0x08000828                TIM3_IRQHandler
                0x08000828                RCC_IRQHandler
                0x08000828                Default_Handler
                0x08000828                EXTI15_10_IRQHandler
                0x08000828                ADC_IRQHandler
                0x08000828                DMA1_Stream7_IRQHandler
                0x08000828                SPI5_IRQHandler
                0x08000828                TIM5_IRQHandler
                0x08000828                DMA2_Stream7_IRQHandler
                0x08000828                I2C3_EV_IRQHandler
                0x08000828                EXTI9_5_IRQHandler
                0x08000828                RTC_WKUP_IRQHandler
                0x08000828                SPI2_IRQHandler
                0x08000828                DMA1_Stream0_IRQHandler
                0x08000828                SVC_Handler
                0x08000828                EXTI4_IRQHandler
                0x08000828                WWDG_IRQHandler
                0x08000828                TIM2_IRQHandler
                0x08000828                OTG_FS_WKUP_IRQHandler
                0x08000828                TIM1_TRG_COM_TIM11_IRQHandler
                0x08000828                EXTI1_IRQHandler
                0x08000828                USART2_IRQHandler
                0x08000828                I2C2_ER_IRQHandler
                0x08000828                DMA2_Stream1_IRQHandler
                0x08000828                FLASH_IRQHandler
                0x08000828                DMA2_Stream4_IRQHandler
                0x08000828                USART1_IRQHandler
                0x08000828                OTG_FS_IRQHandler
                0x08000828                SPI3_IRQHandler
                0x08000828                DMA1_Stream4_IRQHandler
                0x08000828                I2C1_ER_IRQHandler
                0x08000828                DMA2_Stream6_IRQHandler
                0x08000828                DMA1_Stream3_IRQHandler
 *fill*         0x0800082a        0x2 
 .text.__libc_init_array
                0x0800082c       0x48 /opt/st/stm32cubeide_1.16.0/plugins/com.st.stm32cube.ide.mcu.externaltools.gnu-tools-for-stm32.12.3.rel1.linux64_1.0.200.202406132123/tools/bin/../lib/gcc/arm-none-eabi/12.3.1/../../../../arm-none-eabi/lib/thumb/v7e-m/nofp/libc_nano.a(libc_a-init.o)
                0x0800082c                __libc_init_array
 *(.glue_7)
 .glue_7        0x08000874        0x0 linker stubs
 *(.glue_7t)
 .glue_7t       0x08000874        0x0 linker stubs
 *(.eh_frame)
 .eh_frame      0x08000874        0x0 /opt/st/stm32cubeide_1.16.0/plugins/com.st.stm32cube.ide.mcu.externaltools.gnu-tools-for-stm32.12.3.rel1.linux64_1.0.200.202406132123/tools/bin/../lib/gcc/arm-none-eabi/12.3.1/thumb/v7e-m/nofp/crtbegin.o
 *(.init)
 .init          0x08000874        0x4 /opt/st/stm32cubeide_1.16.0/plugins/com.st.stm32cube.ide.mcu.externaltools.gnu-tools-for-stm32.12.3.rel1.linux64_1.0.200.202406132123/tools/bin/../lib/gcc/arm-none-eabi/12.3.1/thumb/v7e-m/nofp/crti.o
                0x08000874                _init
 .init          0x08000878        0x8 /opt/st/stm32cubeide_1.16.0/plugins/com.st.stm32cube.ide.mcu.externaltools.gnu-tools-for-stm32.12.3.rel1.linux64_1.0.200.202406132123/tools/bin/../lib/gcc/arm-none-eabi/12.3.1/thumb/v7e-m/nofp/crtn.o
 *(.fini)
 .fini          0x08000880        0x4 /opt/st/stm32cubeide_1.16.0/plugins/com.st.stm32cube.ide.mcu.externaltools.gnu-tools-for-stm32.12.3.rel1.linux64_1.0.200.202406132123/tools/bin/../lib/gcc/arm-none-eabi/12.3.1/thumb/v7e-m/nofp/crti.o
                0x08000880                _fini
 .fini          0x08000884        0x8 /opt/st/stm32cubeide_1.16.0/plugins/com.st.stm32cube.ide.mcu.externaltools.gnu-tools-for-stm32.12.3.rel1.linux64_1.0.200.202406132123/tools/bin/../lib/gcc/arm-none-eabi/12.3.1/thumb/v7e-m/nofp/crtn.o
                0x0800088c                        . = ALIGN (0x4)
                0x0800088c                        _etext = .

.vfp11_veneer   0x0800088c        0x0
 .vfp11_veneer  0x0800088c        0x0 linker stubs

.v4_bx          0x0800088c        0x0
 .v4_bx         0x0800088c        0x0 linker stubs

.iplt           0x0800088c        0x0
 .iplt          0x0800088c        0x0 /opt/st/stm32cubeide_1.16.0/plugins/com.st.stm32cube.ide.mcu.externaltools.gnu-tools-for-stm32.12.3.rel1.linux64_1.0.200.202406132123/tools/bin/../lib/gcc/arm-none-eabi/12.3.1/thumb/v7e-m/nofp/crtbegin.o

.rodata         0x0800088c        0x0
                0x0800088c                        . = ALIGN (0x4)
 *(.rodata)
 *(.rodata*)
                0x0800088c                        . = ALIGN (0x4)

.ARM.extab      0x0800088c        0x0
                0x0800088c                        . = ALIGN (0x4)
 *(.ARM.extab* .gnu.linkonce.armextab.*)
                0x0800088c                        . = ALIGN (0x4)

.ARM            0x0800088c        0x0
                0x0800088c                        . = ALIGN (0x4)
                0x0800088c                        __exidx_start = .
 *(.ARM.exidx*)
                0x0800088c                        __exidx_end = .
                0x0800088c                        . = ALIGN (0x4)

.preinit_array  0x0800088c        0x0
                0x0800088c                        . = ALIGN (0x4)
                0x0800088c                        PROVIDE (__preinit_array_start = .)
 *(.preinit_array*)
                0x0800088c                        PROVIDE (__preinit_array_end = .)
                0x0800088c                        . = ALIGN (0x4)

.init_array     0x0800088c        0x4
                0x0800088c                        . = ALIGN (0x4)
                0x0800088c                        PROVIDE (__init_array_start = .)
 *(SORT_BY_NAME(.init_array.*))
 *(.init_array*)
 .init_array    0x0800088c        0x4 /opt/st/stm32cubeide_1.16.0/plugins/com.st.stm32cube.ide.mcu.externaltools.gnu-tools-for-stm32.12.3.rel1.linux64_1.0.200.202406132123/tools/bin/../lib/gcc/arm-none-eabi/12.3.1/thumb/v7e-m/nofp/crtbegin.o
                0x08000890                        PROVIDE (__init_array_end = .)
                0x08000890                        . = ALIGN (0x4)

.fini_array     0x08000890        0x4
                0x08000890                        . = ALIGN (0x4)
                [!provide]                        PROVIDE (__fini_array_start = .)
 *(SORT_BY_NAME(.fini_array.*))
 *(.fini_array*)
 .fini_array    0x08000890        0x4 /opt/st/stm32cubeide_1.16.0/plugins/com.st.stm32cube.ide.mcu.externaltools.gnu-tools-for-stm32.12.3.rel1.linux64_1.0.200.202406132123/tools/bin/../lib/gcc/arm-none-eabi/12.3.1/thumb/v7e-m/nofp/crtbegin.o
                [!provide]                        PROVIDE (__fini_array_end = .)
                0x08000894                        . = ALIGN (0x4)
                0x08000894                        _sidata = LOADADDR (.data)

.rel.dyn        0x08000894        0x0
 .rel.iplt      0x08000894        0x0 /opt/st/stm32cubeide_1.16.0/plugins/com.st.stm32cube.ide.mcu.externaltools.gnu-tools-for-stm32.12.3.rel1.linux64_1.0.200.202406132123/tools/bin/../lib/gcc/arm-none-eabi/12.3.1/thumb/v7e-m/nofp/crtbegin.o

.data           0x20000000        0x4 load address 0x08000894
                0x20000000                        . = ALIGN (0x4)
                0x20000000                        _sdata = .
 *(.data)
 *(.data*)
 .data.Mutex    0x20000000        0x1 ./Src/Mutex.o
                0x20000000                Mutex
 .data.current_task
                0x20000001        0x1 ./Src/StackAddressing.o
                0x20000001                current_task
 *(.RamFunc)
 *(.RamFunc*)
                0x20000004                        . = ALIGN (0x4)
 *fill*         0x20000002        0x2 
                0x20000004                        _edata = .

.igot.plt       0x20000004        0x0 load address 0x08000898
 .igot.plt      0x20000004        0x0 /opt/st/stm32cubeide_1.16.0/plugins/com.st.stm32cube.ide.mcu.externaltools.gnu-tools-for-stm32.12.3.rel1.linux64_1.0.200.202406132123/tools/bin/../lib/gcc/arm-none-eabi/12.3.1/thumb/v7e-m/nofp/crtbegin.o
                0x20000004                        . = ALIGN (0x4)

.bss            0x20000004       0x70 load address 0x08000898
                0x20000004                        _sbss = .
                0x20000004                        __bss_start__ = _sbss
 *(.bss)
 .bss           0x20000004       0x1c /opt/st/stm32cubeide_1.16.0/plugins/com.st.stm32cube.ide.mcu.externaltools.gnu-tools-for-stm32.12.3.rel1.linux64_1.0.200.202406132123/tools/bin/../lib/gcc/arm-none-eabi/12.3.1/thumb/v7e-m/nofp/crtbegin.o
 *(.bss*)
 .bss.UserTasks
                0x20000020       0x50 ./Src/StackAddressing.o
                0x20000020                UserTasks
 .bss.global_tick
                0x20000070        0x4 ./Src/Tasks.o
                0x20000070                global_tick
 *(COMMON)
                0x20000074                        . = ALIGN (0x4)
                0x20000074                        _ebss = .
                0x20000074                        __bss_end__ = _ebss

._user_heap_stack
                0x20000074      0x604 load address 0x08000898
                0x20000078                        . = ALIGN (0x8)
 *fill*         0x20000074        0x4 
                [!provide]                        PROVIDE (end = .)
                0x20000078                        PROVIDE (_end = .)
                0x20000278                        . = (. + _Min_Heap_Size)
 *fill*         0x20000078      0x200 
                0x20000678                        . = (. + _Min_Stack_Size)
 *fill*         0x20000278      0x400 
                0x20000678                        . = ALIGN (0x8)

/DISCARD/
 libc.a(*)
 libm.a(*)
 libgcc.a(*)

.ARM.attributes
                0x00000000       0x2a
 *(.ARM.attributes)
 .ARM.attributes
                0x00000000       0x1e /opt/st/stm32cubeide_1.16.0/plugins/com.st.stm32cube.ide.mcu.externaltools.gnu-tools-for-stm32.12.3.rel1.linux64_1.0.200.202406132123/tools/bin/../lib/gcc/arm-none-eabi/12.3.1/thumb/v7e-m/nofp/crti.o
 .ARM.attributes
                0x0000001e       0x2e /opt/st/stm32cubeide_1.16.0/plugins/com.st.stm32cube.ide.mcu.externaltools.gnu-tools-for-stm32.12.3.rel1.linux64_1.0.200.202406132123/tools/bin/../lib/gcc/arm-none-eabi/12.3.1/thumb/v7e-m/nofp/crtbegin.o
 .ARM.attributes
                0x0000004c       0x2e ./Src/CriticalSection.o
 .ARM.attributes
                0x0000007a       0x2e ./Src/IntExc.o
 .ARM.attributes
                0x000000a8       0x2e ./Src/Mutex.o
 .ARM.attributes
                0x000000d6       0x2e ./Src/StackAddressing.o
 .ARM.attributes
                0x00000104       0x2e ./Src/SysTick.o
 .ARM.attributes
                0x00000132       0x2e ./Src/Tasks.o
 .ARM.attributes
                0x00000160       0x2e ./Src/main.o
 .ARM.attributes
                0x0000018e       0x21 ./Startup/startup_stm32f411ceux.o
 .ARM.attributes
                0x000001af       0x2e /opt/st/stm32cubeide_1.16.0/plugins/com.st.stm32cube.ide.mcu.externaltools.gnu-tools-for-stm32.12.3.rel1.linux64_1.0.200.202406132123/tools/bin/../lib/gcc/arm-none-eabi/12.3.1/../../../../arm-none-eabi/lib/thumb/v7e-m/nofp/libc_nano.a(libc_a-init.o)
 .ARM.attributes
                0x000001dd       0x1e /opt/st/stm32cubeide_1.16.0/plugins/com.st.stm32cube.ide.mcu.externaltools.gnu-tools-for-stm32.12.3.rel1.linux64_1.0.200.202406132123/tools/bin/../lib/gcc/arm-none-eabi/12.3.1/thumb/v7e-m/nofp/crtn.o
OUTPUT(Task_schedular.elf elf32-littlearm)
LOAD linker stubs
LOAD /opt/st/stm32cubeide_1.16.0/plugins/com.st.stm32cube.ide.mcu.externaltools.gnu-tools-for-stm32.12.3.rel1.linux64_1.0.200.202406132123/tools/bin/../lib/gcc/arm-none-eabi/12.3.1/../../../../arm-none-eabi/lib/thumb/v7e-m/nofp/libc.a
LOAD /opt/st/stm32cubeide_1.16.0/plugins/com.st.stm32cube.ide.mcu.externaltools.gnu-tools-for-stm32.12.3.rel1.linux64_1.0.200.202406132123/tools/bin/../lib/gcc/arm-none-eabi/12.3.1/../../../../arm-none-eabi/lib/thumb/v7e-m/nofp/libm.a
LOAD /opt/st/stm32cubeide_1.16.0/plugins/com.st.stm32cube.ide.mcu.externaltools.gnu-tools-for-stm32.12.3.rel1.linux64_1.0.200.202406132123/tools/bin/../lib/gcc/arm-none-eabi/12.3.1/thumb/v7e-m/nofp/libgcc.a

.debug_info     0x00000000      0xb3a
 .debug_info    0x00000000      0x105 ./Src/CriticalSection.o
 .debug_info    0x00000105       0x91 ./Src/IntExc.o
 .debug_info    0x00000196      0x184 ./Src/Mutex.o
 .debug_info    0x0000031a      0x21d ./Src/StackAddressing.o
 .debug_info    0x00000537       0xd2 ./Src/SysTick.o
 .debug_info    0x00000609      0x2b4 ./Src/Tasks.o
 .debug_info    0x000008bd      0x24d ./Src/main.o
 .debug_info    0x00000b0a       0x30 ./Startup/startup_stm32f411ceux.o

.debug_abbrev   0x00000000      0x65d
 .debug_abbrev  0x00000000       0xb3 ./Src/CriticalSection.o
 .debug_abbrev  0x000000b3       0x47 ./Src/IntExc.o
 .debug_abbrev  0x000000fa      0x113 ./Src/Mutex.o
 .debug_abbrev  0x0000020d      0x134 ./Src/StackAddressing.o
 .debug_abbrev  0x00000341       0x76 ./Src/SysTick.o
 .debug_abbrev  0x000003b7      0x160 ./Src/Tasks.o
 .debug_abbrev  0x00000517      0x122 ./Src/main.o
 .debug_abbrev  0x00000639       0x24 ./Startup/startup_stm32f411ceux.o

.debug_aranges  0x00000000      0x1c8
 .debug_aranges
                0x00000000       0x20 ./Src/CriticalSection.o
 .debug_aranges
                0x00000020       0x28 ./Src/IntExc.o
 .debug_aranges
                0x00000048       0x38 ./Src/Mutex.o
 .debug_aranges
                0x00000080       0x40 ./Src/StackAddressing.o
 .debug_aranges
                0x000000c0       0x20 ./Src/SysTick.o
 .debug_aranges
                0x000000e0       0x58 ./Src/Tasks.o
 .debug_aranges
                0x00000138       0x68 ./Src/main.o
 .debug_aranges
                0x000001a0       0x28 ./Startup/startup_stm32f411ceux.o

.debug_rnglists
                0x00000000      0x130
 .debug_rnglists
                0x00000000       0x13 ./Src/CriticalSection.o
 .debug_rnglists
                0x00000013       0x19 ./Src/IntExc.o
 .debug_rnglists
                0x0000002c       0x25 ./Src/Mutex.o
 .debug_rnglists
                0x00000051       0x2c ./Src/StackAddressing.o
 .debug_rnglists
                0x0000007d       0x13 ./Src/SysTick.o
 .debug_rnglists
                0x00000090       0x3e ./Src/Tasks.o
 .debug_rnglists
                0x000000ce       0x49 ./Src/main.o
 .debug_rnglists
                0x00000117       0x19 ./Startup/startup_stm32f411ceux.o

.debug_macro    0x00000000     0x13f4
 .debug_macro   0x00000000       0x8f ./Src/CriticalSection.o
 .debug_macro   0x0000008f      0xaae ./Src/CriticalSection.o
 .debug_macro   0x00000b3d       0x22 ./Src/CriticalSection.o
 .debug_macro   0x00000b5f       0x8e ./Src/CriticalSection.o
 .debug_macro   0x00000bed       0x51 ./Src/CriticalSection.o
 .debug_macro   0x00000c3e      0x103 ./Src/CriticalSection.o
 .debug_macro   0x00000d41       0x6a ./Src/CriticalSection.o
 .debug_macro   0x00000dab      0x1df ./Src/CriticalSection.o
 .debug_macro   0x00000f8a       0x2e ./Src/CriticalSection.o
 .debug_macro   0x00000fb8       0x3a ./Src/CriticalSection.o
 .debug_macro   0x00000ff2       0x72 ./Src/IntExc.o
 .debug_macro   0x00001064       0x28 ./Src/IntExc.o
 .debug_macro   0x0000108c       0x85 ./Src/Mutex.o
 .debug_macro   0x00001111       0x84 ./Src/StackAddressing.o
 .debug_macro   0x00001195       0x28 ./Src/StackAddressing.o
 .debug_macro   0x000011bd       0x40 ./Src/StackAddressing.o
 .debug_macro   0x000011fd       0x2e ./Src/StackAddressing.o
 .debug_macro   0x0000122b       0x72 ./Src/SysTick.o
 .debug_macro   0x0000129d       0x16 ./Src/SysTick.o
 .debug_macro   0x000012b3       0x8e ./Src/Tasks.o
 .debug_macro   0x00001341       0x97 ./Src/main.o
 .debug_macro   0x000013d8       0x1c ./Src/main.o

.debug_line     0x00000000     0x1d58
 .debug_line    0x00000000      0x3a3 ./Src/CriticalSection.o
 .debug_line    0x000003a3      0x378 ./Src/IntExc.o
 .debug_line    0x0000071b      0x3cf ./Src/Mutex.o
 .debug_line    0x00000aea      0x49d ./Src/StackAddressing.o
 .debug_line    0x00000f87      0x37b ./Src/SysTick.o
 .debug_line    0x00001302      0x530 ./Src/Tasks.o
 .debug_line    0x00001832      0x4ab ./Src/main.o
 .debug_line    0x00001cdd       0x7b ./Startup/startup_stm32f411ceux.o

.debug_str      0x00000000     0x42ef
 .debug_str     0x00000000     0x3e62 ./Src/CriticalSection.o
                               0x3fce (size before relaxing)
 .debug_str     0x00003e62      0x185 ./Src/IntExc.o
                               0x3e60 (size before relaxing)
 .debug_str     0x00003fe7       0x4e ./Src/Mutex.o
                               0x3fdc (size before relaxing)
 .debug_str     0x00004035       0x99 ./Src/StackAddressing.o
                               0x419b (size before relaxing)
 .debug_str     0x000040ce       0xdc ./Src/SysTick.o
                               0x3dd4 (size before relaxing)
 .debug_str     0x000041aa       0x4f ./Src/Tasks.o
                               0x41ae (size before relaxing)
 .debug_str     0x000041f9       0xb7 ./Src/main.o
                               0x4286 (size before relaxing)
 .debug_str     0x000042b0       0x3f ./Startup/startup_stm32f411ceux.o
                                 0x95 (size before relaxing)

.comment        0x00000000       0x43
 .comment       0x00000000       0x43 ./Src/CriticalSection.o
                                 0x44 (size before relaxing)
 .comment       0x00000043       0x44 ./Src/IntExc.o
 .comment       0x00000043       0x44 ./Src/Mutex.o
 .comment       0x00000043       0x44 ./Src/StackAddressing.o
 .comment       0x00000043       0x44 ./Src/SysTick.o
 .comment       0x00000043       0x44 ./Src/Tasks.o
 .comment       0x00000043       0x44 ./Src/main.o

.debug_frame    0x00000000      0x474
 .debug_frame   0x00000000       0x2c ./Src/CriticalSection.o
 .debug_frame   0x0000002c       0x30 ./Src/IntExc.o
 .debug_frame   0x0000005c       0x98 ./Src/Mutex.o
 .debug_frame   0x000000f4       0x98 ./Src/StackAddressing.o
 .debug_frame   0x0000018c       0x38 ./Src/SysTick.o
 .debug_frame   0x000001c4      0x114 ./Src/Tasks.o
 .debug_frame   0x000002d8      0x170 ./Src/main.o
 .debug_frame   0x00000448       0x2c /opt/st/stm32cubeide_1.16.0/plugins/com.st.stm32cube.ide.mcu.externaltools.gnu-tools-for-stm32.12.3.rel1.linux64_1.0.200.202406132123/tools/bin/../lib/gcc/arm-none-eabi/12.3.1/../../../../arm-none-eabi/lib/thumb/v7e-m/nofp/libc_nano.a(libc_a-init.o)

.debug_line_str
                0x00000000       0x79
 .debug_line_str
                0x00000000       0x79 ./Startup/startup_stm32f411ceux.o
