Archive member included to satisfy reference by file (symbol)

/opt/st/stm32cubeide_1.16.0/plugins/com.st.stm32cube.ide.mcu.externaltools.gnu-tools-for-stm32.12.3.rel1.linux64_1.0.200.202406132123/tools/bin/../lib/gcc/arm-none-eabi/12.3.1/../../../../arm-none-eabi/lib/thumb/v7e-m/nofp/libc_nano.a(libc_a-exit.o)
                              /opt/st/stm32cubeide_1.16.0/plugins/com.st.stm32cube.ide.mcu.externaltools.gnu-tools-for-stm32.12.3.rel1.linux64_1.0.200.202406132123/tools/bin/../lib/gcc/arm-none-eabi/12.3.1/../../../../arm-none-eabi/lib/thumb/v7e-m/nofp/crt0.o (exit)
/opt/st/stm32cubeide_1.16.0/plugins/com.st.stm32cube.ide.mcu.externaltools.gnu-tools-for-stm32.12.3.rel1.linux64_1.0.200.202406132123/tools/bin/../lib/gcc/arm-none-eabi/12.3.1/../../../../arm-none-eabi/lib/thumb/v7e-m/nofp/libc_nano.a(libc_a-findfp.o)
                              /opt/st/stm32cubeide_1.16.0/plugins/com.st.stm32cube.ide.mcu.externaltools.gnu-tools-for-stm32.12.3.rel1.linux64_1.0.200.202406132123/tools/bin/../lib/gcc/arm-none-eabi/12.3.1/../../../../arm-none-eabi/lib/thumb/v7e-m/nofp/libc_nano.a(libc_a-exit.o) (__stdio_exit_handler)
/opt/st/stm32cubeide_1.16.0/plugins/com.st.stm32cube.ide.mcu.externaltools.gnu-tools-for-stm32.12.3.rel1.linux64_1.0.200.202406132123/tools/bin/../lib/gcc/arm-none-eabi/12.3.1/../../../../arm-none-eabi/lib/thumb/v7e-m/nofp/libc_nano.a(libc_a-fwalk.o)
                              /opt/st/stm32cubeide_1.16.0/plugins/com.st.stm32cube.ide.mcu.externaltools.gnu-tools-for-stm32.12.3.rel1.linux64_1.0.200.202406132123/tools/bin/../lib/gcc/arm-none-eabi/12.3.1/../../../../arm-none-eabi/lib/thumb/v7e-m/nofp/libc_nano.a(libc_a-findfp.o) (_fwalk_sglue)
/opt/st/stm32cubeide_1.16.0/plugins/com.st.stm32cube.ide.mcu.externaltools.gnu-tools-for-stm32.12.3.rel1.linux64_1.0.200.202406132123/tools/bin/../lib/gcc/arm-none-eabi/12.3.1/../../../../arm-none-eabi/lib/thumb/v7e-m/nofp/libc_nano.a(libc_a-stdio.o)
                              /opt/st/stm32cubeide_1.16.0/plugins/com.st.stm32cube.ide.mcu.externaltools.gnu-tools-for-stm32.12.3.rel1.linux64_1.0.200.202406132123/tools/bin/../lib/gcc/arm-none-eabi/12.3.1/../../../../arm-none-eabi/lib/thumb/v7e-m/nofp/libc_nano.a(libc_a-findfp.o) (__sread)
/opt/st/stm32cubeide_1.16.0/plugins/com.st.stm32cube.ide.mcu.externaltools.gnu-tools-for-stm32.12.3.rel1.linux64_1.0.200.202406132123/tools/bin/../lib/gcc/arm-none-eabi/12.3.1/../../../../arm-none-eabi/lib/thumb/v7e-m/nofp/libc_nano.a(libc_a-memset.o)
                              /opt/st/stm32cubeide_1.16.0/plugins/com.st.stm32cube.ide.mcu.externaltools.gnu-tools-for-stm32.12.3.rel1.linux64_1.0.200.202406132123/tools/bin/../lib/gcc/arm-none-eabi/12.3.1/../../../../arm-none-eabi/lib/thumb/v7e-m/nofp/crt0.o (memset)
/opt/st/stm32cubeide_1.16.0/plugins/com.st.stm32cube.ide.mcu.externaltools.gnu-tools-for-stm32.12.3.rel1.linux64_1.0.200.202406132123/tools/bin/../lib/gcc/arm-none-eabi/12.3.1/../../../../arm-none-eabi/lib/thumb/v7e-m/nofp/libc_nano.a(libc_a-closer.o)
                              /opt/st/stm32cubeide_1.16.0/plugins/com.st.stm32cube.ide.mcu.externaltools.gnu-tools-for-stm32.12.3.rel1.linux64_1.0.200.202406132123/tools/bin/../lib/gcc/arm-none-eabi/12.3.1/../../../../arm-none-eabi/lib/thumb/v7e-m/nofp/libc_nano.a(libc_a-stdio.o) (_close_r)
/opt/st/stm32cubeide_1.16.0/plugins/com.st.stm32cube.ide.mcu.externaltools.gnu-tools-for-stm32.12.3.rel1.linux64_1.0.200.202406132123/tools/bin/../lib/gcc/arm-none-eabi/12.3.1/../../../../arm-none-eabi/lib/thumb/v7e-m/nofp/libc_nano.a(libc_a-reent.o)
                              /opt/st/stm32cubeide_1.16.0/plugins/com.st.stm32cube.ide.mcu.externaltools.gnu-tools-for-stm32.12.3.rel1.linux64_1.0.200.202406132123/tools/bin/../lib/gcc/arm-none-eabi/12.3.1/../../../../arm-none-eabi/lib/thumb/v7e-m/nofp/libc_nano.a(libc_a-closer.o) (errno)
/opt/st/stm32cubeide_1.16.0/plugins/com.st.stm32cube.ide.mcu.externaltools.gnu-tools-for-stm32.12.3.rel1.linux64_1.0.200.202406132123/tools/bin/../lib/gcc/arm-none-eabi/12.3.1/../../../../arm-none-eabi/lib/thumb/v7e-m/nofp/libc_nano.a(libc_a-impure.o)
                              /opt/st/stm32cubeide_1.16.0/plugins/com.st.stm32cube.ide.mcu.externaltools.gnu-tools-for-stm32.12.3.rel1.linux64_1.0.200.202406132123/tools/bin/../lib/gcc/arm-none-eabi/12.3.1/../../../../arm-none-eabi/lib/thumb/v7e-m/nofp/libc_nano.a(libc_a-reent.o) (_impure_ptr)
/opt/st/stm32cubeide_1.16.0/plugins/com.st.stm32cube.ide.mcu.externaltools.gnu-tools-for-stm32.12.3.rel1.linux64_1.0.200.202406132123/tools/bin/../lib/gcc/arm-none-eabi/12.3.1/../../../../arm-none-eabi/lib/thumb/v7e-m/nofp/libc_nano.a(libc_a-lseekr.o)
                              /opt/st/stm32cubeide_1.16.0/plugins/com.st.stm32cube.ide.mcu.externaltools.gnu-tools-for-stm32.12.3.rel1.linux64_1.0.200.202406132123/tools/bin/../lib/gcc/arm-none-eabi/12.3.1/../../../../arm-none-eabi/lib/thumb/v7e-m/nofp/libc_nano.a(libc_a-stdio.o) (_lseek_r)
[...]
Memory Configuration

Name             Origin             Length             Attributes
RAM              0x20000000         0x00020000         xrw
FLASH            0x08000000         0x00080000         xr
*default*        0x00000000         0xffffffff

Linker script and memory map

LOAD /opt/st/stm32cubeide_1.16.0/plugins/com.st.stm32cube.ide.mcu.externaltools.gnu-tools-for-stm32.12.3.rel1.linux64_1.0.200.202406132123/tools/bin/../lib/gcc/arm-none-eabi/12.3.1/thumb/v7e-m/nofp/crti.o
LOAD /opt/st/stm32cubeide_1.16.0/plugins/com.st.stm32cube.ide.mcu.externaltools.gnu-tools-for-stm32.12.3.rel1.linux64_1.0.200.202406132123/tools/bin/../lib/gcc/arm-none-eabi/12.3.1/thumb/v7e-m/nofp/crtbegin.o
LOAD /opt/st/stm32cubeide_1.16.0/plugins/com.st.stm32cube.ide.mcu.externaltools.gnu-tools-for-stm32.12.3.rel1.linux64_1.0.200.202406132123/tools/bin/../lib/gcc/arm-none-eabi/12.3.1/../../../../arm-none-eabi/lib/thumb/v7e-m/nofp/crt0.o
LOAD ./Src/IntExc.o
LOAD ./Src/Mutex.o
LOAD ./Src/StackAddressing.o
LOAD ./Src/SysTick.o
LOAD ./Src/Tasks.o
LOAD ./Src/main.o
LOAD ./Src/syscalls.o
LOAD ./Src/sysmem.o
LOAD ./Startup/startup_stm32f411ceux.o
START GROUP
LOAD /opt/st/stm32cubeide_1.16.0/plugins/com.st.stm32cube.ide.mcu.externaltools.gnu-tools-for-stm32.12.3.rel1.linux64_1.0.200.202406132123/tools/bin/../lib/gcc/arm-none-eabi/12.3.1/../../../../arm-none-eabi/lib/thumb/v7e-m/nofp/libc_nano.a
LOAD /opt/st/stm32cubeide_1.16.0/plugins/com.st.stm32cube.ide.mcu.externaltools.gnu-tools-for-stm32.12.3.rel1.linux64_1.0.200.202406132123/tools/bin/../lib/gcc/arm-none-eabi/12.3.1/../../../../arm-none-eabi/lib/thumb/v7e-m/nofp/libm.a
END GROUP
START GROUP
LOAD /opt/st/stm32cubeide_1.16.0/plugins/com.st.stm32cube.ide.mcu.externaltools.gnu-tools-for-stm32.12.3.rel1.linux64_1.0.200.202406132123/tools/bin/../lib/gcc/arm-none-eabi/12.3.1/thumb/v7e-m/nofp/libgcc.a
LOAD /opt/st/stm32cubeide_1.16.0/plugins/com.st.stm32cube.ide.mcu.externaltools.gnu-tools-for-stm32.12.3.rel1.linux64_1.0.200.202406132123/tools/bin/../lib/gcc/arm-none-eabi/12.3.1/../../../../arm-none-eabi/lib/thumb/v7e-m/nofp/libc_nano.a
END GROUP
START GROUP
LOAD /opt/st/stm32cubeide_1.16.0/plugins/com.st.stm32cube.ide.mcu.externaltools.gnu-tools-for-stm32.12.3.rel1.linux64_1.0.200.202406132123/tools/bin/../lib/gcc/arm-none-eabi/12.3.1/thumb/v7e-m/nofp/libgcc.a
LOAD /opt/st/stm32cubeide_1.16.0/plugins/com.st.stm32cube.ide.mcu.externaltools.gnu-tools-for-stm32.12.3.rel1.linux64_1.0.200.202406132123/tools/bin/../lib/gcc/arm-none-eabi/12.3.1/../../../../arm-none-eabi/lib/thumb/v7e-m/nofp/libc_nano.a
LOAD /opt/st/stm32cubeide_1.16.0/plugins/com.st.stm32cube.ide.mcu.externaltools.gnu-tools-for-stm32.12.3.rel1.linux64_1.0.200.202406132123/tools/bin/../lib/gcc/arm-none-eabi/12.3.1/../../../../arm-none-eabi/lib/thumb/v7e-m/nofp/libnosys.a
END GROUP
START GROUP
LOAD /opt/st/stm32cubeide_1.16.0/plugins/com.st.stm32cube.ide.mcu.externaltools.gnu-tools-for-stm32.12.3.rel1.linux64_1.0.200.202406132123/tools/bin/../lib/gcc/arm-none-eabi/12.3.1/thumb/v7e-m/nofp/libgcc.a
LOAD /opt/st/stm32cubeide_1.16.0/plugins/com.st.stm32cube.ide.mcu.externaltools.gnu-tools-for-stm32.12.3.rel1.linux64_1.0.200.202406132123/tools/bin/../lib/gcc/arm-none-eabi/12.3.1/../../../../arm-none-eabi/lib/thumb/v7e-m/nofp/libc_nano.a
LOAD /opt/st/stm32cubeide_1.16.0/plugins/com.st.stm32cube.ide.mcu.externaltools.gnu-tools-for-stm32.12.3.rel1.linux64_1.0.200.202406132123/tools/bin/../lib/gcc/arm-none-eabi/12.3.1/../../../../arm-none-eabi/lib/thumb/v7e-m/nofp/libnosys.a
END GROUP
LOAD /opt/st/stm32cubeide_1.16.0/plugins/com.st.stm32cube.ide.mcu.externaltools.gnu-tools-for-stm32.12.3.rel1.linux64_1.0.200.202406132123/tools/bin/../lib/gcc/arm-none-eabi/12.3.1/thumb/v7e-m/nofp/crtend.o
LOAD /opt/st/stm32cubeide_1.16.0/plugins/com.st.stm32cube.ide.mcu.externaltools.gnu-tools-for-stm32.12.3.rel1.linux64_1.0.200.202406132123/tools/bin/../lib/gcc/arm-none-eabi/12.3.1/thumb/v7e-m/nofp/crtn.o
                0x20020000                        _estack = (ORIGIN (RAM) + LENGTH (RAM))
                0x00000200                        _Min_Heap_Size = 0x200
                0x00000400                        _Min_Stack_Size = 0x400

.isr_vector     0x08000000      0x198
                0x08000000                        . = ALIGN (0x4)
 *(.isr_vector)
 .isr_vector    0x08000000      0x198 ./Startup/startup_stm32f411ceux.o
                0x08000000                g_pfnVectors
                0x08000198                        . = ALIGN (0x4)

.text           0x08000198      0x644
                0x08000198                        . = ALIGN (0x4)
 *(.text)
 .text          0x08000198       0x40 /opt/st/stm32cubeide_1.16.0/plugins/com.st.stm32cube.ide.mcu.externaltools.gnu-tools-for-stm32.12.3.rel1.linux64_1.0.200.202406132123/tools/bin/../lib/gcc/arm-none-eabi/12.3.1/thumb/v7e-m/nofp/crtbegin.o
 *(.text*)
 .text.EnableExc
                0x080001d8        0xc ./Src/IntExc.o
                0x080001d8                EnableExc
 .text.DisableExc
                0x080001e4        0xc ./Src/IntExc.o
                0x080001e4                DisableExc
 .text.SetMSP   0x080001f0       0x10 ./Src/StackAddressing.o
                0x080001f0                SetMSP
 .text.InitializeTasksPrivateStack
                0x08000200      0x13c ./Src/StackAddressing.o
                0x08000200                InitializeTasksPrivateStack
 .text.GetCurrentPSP
                0x0800033c       0x20 ./Src/StackAddressing.o
                0x0800033c                GetCurrentPSP
 .text.ChangeSPtoPSP
                0x0800035c       0x1a ./Src/StackAddressing.o
                0x0800035c                ChangeSPtoPSP
 *fill*         0x08000376        0x2 
 .text.StoreCurrentPSP
                0x08000378       0x30 ./Src/StackAddressing.o
                0x08000378                StoreCurrentPSP
 .text.ConfigureSystickInterrupt
                0x080003a8       0x48 ./Src/SysTick.o
                0x080003a8                ConfigureSystickInterrupt
 .text.Task1    0x080003f0       0x14 ./Src/Tasks.o
                0x080003f0                Task1
 .text.Task2    0x08000404       0x14 ./Src/Tasks.o
                0x08000404                Task2
 .text.Task3    0x08000418       0x14 ./Src/Tasks.o
                0x08000418                Task3
 .text.Task4    0x0800042c       0x14 ./Src/Tasks.o
                0x0800042c                Task4
 .text.IdleTask
                0x08000440        0x8 ./Src/Tasks.o
                0x08000440                IdleTask
 .text.ScheduleTask
                0x08000448       0xd0 ./Src/Tasks.o
                0x08000448                ScheduleTask
 .text.BlockTask
                0x08000518       0x54 ./Src/Tasks.o
                0x08000518                BlockTask
 .text.UpdateTaskState
                0x0800056c       0x64 ./Src/Tasks.o
                0x0800056c                UpdateTaskState
 .text.main     0x080005d0       0x2a ./Src/main.o
                0x080005d0                main
 *fill*         0x080005fa        0x2 
 .text.SysTick_Handler
                0x080005fc       0x20 ./Src/main.o
                0x080005fc                SysTick_Handler
 .text.PendSV_Handler
                0x0800061c       0x26 ./Src/main.o
                0x0800061c                PendSV_Handler
 *fill*         0x08000642        0x2 
 .text.EnableSystemFaults
                0x08000644       0x24 ./Src/main.o
                0x08000644                EnableSystemFaults
 .text.PendSVPriority
                0x08000668       0x2c ./Src/main.o
                0x08000668                PendSVPriority
 .text.SetPendSV
                0x08000694       0x24 ./Src/main.o
                0x08000694                SetPendSV
 .text.HardFault_Handler
                0x080006b8       0x1c ./Src/main.o
                0x080006b8                HardFault_Handler
 .text.MemManage_Handler
                0x080006d4       0x1c ./Src/main.o
                0x080006d4                MemManage_Handler
 .text.BusFault_Handler
                0x080006f0       0x1c ./Src/main.o
                0x080006f0                BusFault_Handler
 .text.UsageFault_Handler
                0x0800070c       0x1c ./Src/main.o
                0x0800070c                UsageFault_Handler
 .text.Reset_Handler
                0x08000728       0x50 ./Startup/startup_stm32f411ceux.o
                0x08000728                Reset_Handler
 .text.Default_Handler
                0x08000778        0x2 ./Startup/startup_stm32f411ceux.o
                0x08000778                RTC_Alarm_IRQHandler
                0x08000778                EXTI2_IRQHandler
                0x08000778                DebugMon_Handler
                0x08000778                SPI4_IRQHandler
                0x08000778                TIM1_CC_IRQHandler
                0x08000778                DMA2_Stream5_IRQHandler
                0x08000778                DMA1_Stream5_IRQHandler
                0x08000778                PVD_IRQHandler
                0x08000778                SDIO_IRQHandler
                0x08000778                TAMP_STAMP_IRQHandler
                0x08000778                NMI_Handler
                0x08000778                EXTI3_IRQHandler
                0x08000778                TIM1_UP_TIM10_IRQHandler
                0x08000778                I2C3_ER_IRQHandler
                0x08000778                EXTI0_IRQHandler
                0x08000778                I2C2_EV_IRQHandler
                0x08000778                DMA1_Stream2_IRQHandler
                0x08000778                DMA2_Stream2_IRQHandler
                0x08000778                SPI1_IRQHandler
                0x08000778                TIM1_BRK_TIM9_IRQHandler
                0x08000778                DMA2_Stream3_IRQHandler
                0x08000778                USART6_IRQHandler
                0x08000778                DMA2_Stream0_IRQHandler
                0x08000778                TIM4_IRQHandler
                0x08000778                I2C1_EV_IRQHandler
                0x08000778                DMA1_Stream6_IRQHandler
                0x08000778                DMA1_Stream1_IRQHandler
                0x08000778                TIM3_IRQHandler
                0x08000778                RCC_IRQHandler
                0x08000778                Default_Handler
                0x08000778                EXTI15_10_IRQHandler
                0x08000778                ADC_IRQHandler
                0x08000778                DMA1_Stream7_IRQHandler
                0x08000778                SPI5_IRQHandler
                0x08000778                TIM5_IRQHandler
                0x08000778                DMA2_Stream7_IRQHandler
                0x08000778                I2C3_EV_IRQHandler
                0x08000778                EXTI9_5_IRQHandler
                0x08000778                RTC_WKUP_IRQHandler
                0x08000778                SPI2_IRQHandler
                0x08000778                DMA1_Stream0_IRQHandler
                0x08000778                SVC_Handler
                0x08000778                EXTI4_IRQHandler
                0x08000778                WWDG_IRQHandler
                0x08000778                TIM2_IRQHandler
                0x08000778                OTG_FS_WKUP_IRQHandler
                0x08000778                TIM1_TRG_COM_TIM11_IRQHandler
                0x08000778                EXTI1_IRQHandler
                0x08000778                USART2_IRQHandler
                0x08000778                I2C2_ER_IRQHandler
                0x08000778                DMA2_Stream1_IRQHandler
                0x08000778                FLASH_IRQHandler
                0x08000778                DMA2_Stream4_IRQHandler
                0x08000778                USART1_IRQHandler
                0x08000778                OTG_FS_IRQHandler
                0x08000778                SPI3_IRQHandler
                0x08000778                DMA1_Stream4_IRQHandler
                0x08000778                I2C1_ER_IRQHandler
                0x08000778                DMA2_Stream6_IRQHandler
                0x08000778                DMA1_Stream3_IRQHandler
 *fill*         0x0800077a        0x2 
 .text.__libc_init_array
                0x0800077c       0x48 /opt/st/stm32cubeide_1.16.0/plugins/com.st.stm32cube.ide.mcu.externaltools.gnu-tools-for-stm32.12.3.rel1.linux64_1.0.200.202406132123/tools/bin/../lib/gcc/arm-none-eabi/12.3.1/../../../../arm-none-eabi/lib/thumb/v7e-m/nofp/libc_nano.a(libc_a-init.o)
                0x0800077c                __libc_init_array
 *(.glue_7)
 .glue_7        0x080007c4        0x0 linker stubs
 *(.glue_7t)
 .glue_7t       0x080007c4        0x0 linker stubs
 *(.eh_frame)
 .eh_frame      0x080007c4        0x0 /opt/st/stm32cubeide_1.16.0/plugins/com.st.stm32cube.ide.mcu.externaltools.gnu-tools-for-stm32.12.3.rel1.linux64_1.0.200.202406132123/tools/bin/../lib/gcc/arm-none-eabi/12.3.1/thumb/v7e-m/nofp/crtbegin.o
 *(.init)
 .init          0x080007c4        0x4 /opt/st/stm32cubeide_1.16.0/plugins/com.st.stm32cube.ide.mcu.externaltools.gnu-tools-for-stm32.12.3.rel1.linux64_1.0.200.202406132123/tools/bin/../lib/gcc/arm-none-eabi/12.3.1/thumb/v7e-m/nofp/crti.o
                0x080007c4                _init
 .init          0x080007c8        0x8 /opt/st/stm32cubeide_1.16.0/plugins/com.st.stm32cube.ide.mcu.externaltools.gnu-tools-for-stm32.12.3.rel1.linux64_1.0.200.202406132123/tools/bin/../lib/gcc/arm-none-eabi/12.3.1/thumb/v7e-m/nofp/crtn.o
 *(.fini)
 .fini          0x080007d0        0x4 /opt/st/stm32cubeide_1.16.0/plugins/com.st.stm32cube.ide.mcu.externaltools.gnu-tools-for-stm32.12.3.rel1.linux64_1.0.200.202406132123/tools/bin/../lib/gcc/arm-none-eabi/12.3.1/thumb/v7e-m/nofp/crti.o
                0x080007d0                _fini
 .fini          0x080007d4        0x8 /opt/st/stm32cubeide_1.16.0/plugins/com.st.stm32cube.ide.mcu.externaltools.gnu-tools-for-stm32.12.3.rel1.linux64_1.0.200.202406132123/tools/bin/../lib/gcc/arm-none-eabi/12.3.1/thumb/v7e-m/nofp/crtn.o
                0x080007dc                        . = ALIGN (0x4)
                0x080007dc                        _etext = .

.vfp11_veneer   0x080007dc        0x0
 .vfp11_veneer  0x080007dc        0x0 linker stubs

.v4_bx          0x080007dc        0x0
 .v4_bx         0x080007dc        0x0 linker stubs

.iplt           0x080007dc        0x0
 .iplt          0x080007dc        0x0 /opt/st/stm32cubeide_1.16.0/plugins/com.st.stm32cube.ide.mcu.externaltools.gnu-tools-for-stm32.12.3.rel1.linux64_1.0.200.202406132123/tools/bin/../lib/gcc/arm-none-eabi/12.3.1/thumb/v7e-m/nofp/crtbegin.o

.rodata         0x080007dc        0x0
                0x080007dc                        . = ALIGN (0x4)
 *(.rodata)
 *(.rodata*)
                0x080007dc                        . = ALIGN (0x4)

.ARM.extab      0x080007dc        0x0
                0x080007dc                        . = ALIGN (0x4)
 *(.ARM.extab* .gnu.linkonce.armextab.*)
                0x080007dc                        . = ALIGN (0x4)

.ARM            0x080007dc        0x0
                0x080007dc                        . = ALIGN (0x4)
                0x080007dc                        __exidx_start = .
 *(.ARM.exidx*)
                0x080007dc                        __exidx_end = .
                0x080007dc                        . = ALIGN (0x4)

.preinit_array  0x080007dc        0x0
                0x080007dc                        . = ALIGN (0x4)
                0x080007dc                        PROVIDE (__preinit_array_start = .)
 *(.preinit_array*)
                0x080007dc                        PROVIDE (__preinit_array_end = .)
                0x080007dc                        . = ALIGN (0x4)

.init_array     0x080007dc        0x4
                0x080007dc                        . = ALIGN (0x4)
                0x080007dc                        PROVIDE (__init_array_start = .)
 *(SORT_BY_NAME(.init_array.*))
 *(.init_array*)
 .init_array    0x080007dc        0x4 /opt/st/stm32cubeide_1.16.0/plugins/com.st.stm32cube.ide.mcu.externaltools.gnu-tools-for-stm32.12.3.rel1.linux64_1.0.200.202406132123/tools/bin/../lib/gcc/arm-none-eabi/12.3.1/thumb/v7e-m/nofp/crtbegin.o
                0x080007e0                        PROVIDE (__init_array_end = .)
                0x080007e0                        . = ALIGN (0x4)

.fini_array     0x080007e0        0x4
                0x080007e0                        . = ALIGN (0x4)
                [!provide]                        PROVIDE (__fini_array_start = .)
 *(SORT_BY_NAME(.fini_array.*))
 *(.fini_array*)
 .fini_array    0x080007e0        0x4 /opt/st/stm32cubeide_1.16.0/plugins/com.st.stm32cube.ide.mcu.externaltools.gnu-tools-for-stm32.12.3.rel1.linux64_1.0.200.202406132123/tools/bin/../lib/gcc/arm-none-eabi/12.3.1/thumb/v7e-m/nofp/crtbegin.o
                [!provide]                        PROVIDE (__fini_array_end = .)
                0x080007e4                        . = ALIGN (0x4)
                0x080007e4                        _sidata = LOADADDR (.data)

.rel.dyn        0x080007e4        0x0
 .rel.iplt      0x080007e4        0x0 /opt/st/stm32cubeide_1.16.0/plugins/com.st.stm32cube.ide.mcu.externaltools.gnu-tools-for-stm32.12.3.rel1.linux64_1.0.200.202406132123/tools/bin/../lib/gcc/arm-none-eabi/12.3.1/thumb/v7e-m/nofp/crtbegin.o

.data           0x20000000        0x4 load address 0x080007e4
                0x20000000                        . = ALIGN (0x4)
                0x20000000                        _sdata = .
 *(.data)
 *(.data*)
 .data.current_task
                0x20000000        0x1 ./Src/StackAddressing.o
                0x20000000                current_task
 *(.RamFunc)
 *(.RamFunc*)
                0x20000004                        . = ALIGN (0x4)
 *fill*         0x20000001        0x3 
                0x20000004                        _edata = .

.igot.plt       0x20000004        0x0 load address 0x080007e8
 .igot.plt      0x20000004        0x0 /opt/st/stm32cubeide_1.16.0/plugins/com.st.stm32cube.ide.mcu.externaltools.gnu-tools-for-stm32.12.3.rel1.linux64_1.0.200.202406132123/tools/bin/../lib/gcc/arm-none-eabi/12.3.1/thumb/v7e-m/nofp/crtbegin.o
                0x20000004                        . = ALIGN (0x4)

.bss            0x20000004       0x70 load address 0x080007e8
                0x20000004                        _sbss = .
                0x20000004                        __bss_start__ = _sbss
 *(.bss)
 .bss           0x20000004       0x1c /opt/st/stm32cubeide_1.16.0/plugins/com.st.stm32cube.ide.mcu.externaltools.gnu-tools-for-stm32.12.3.rel1.linux64_1.0.200.202406132123/tools/bin/../lib/gcc/arm-none-eabi/12.3.1/thumb/v7e-m/nofp/crtbegin.o
 *(.bss*)
 .bss.UserTasks
                0x20000020       0x50 ./Src/StackAddressing.o
                0x20000020                UserTasks
 .bss.global_tick
                0x20000070        0x4 ./Src/Tasks.o
                0x20000070                global_tick
 *(COMMON)
                0x20000074                        . = ALIGN (0x4)
                0x20000074                        _ebss = .
                0x20000074                        __bss_end__ = _ebss

._user_heap_stack
                0x20000074      0x604 load address 0x080007e8
                0x20000078                        . = ALIGN (0x8)
 *fill*         0x20000074        0x4 
                [!provide]                        PROVIDE (end = .)
                0x20000078                        PROVIDE (_end = .)
                0x20000278                        . = (. + _Min_Heap_Size)
 *fill*         0x20000078      0x200 
                0x20000678                        . = (. + _Min_Stack_Size)
 *fill*         0x20000278      0x400 
                0x20000678                        . = ALIGN (0x8)

/DISCARD/
 libc.a(*)
 libm.a(*)
 libgcc.a(*)

.ARM.attributes
                0x00000000       0x2a
 *(.ARM.attributes)
 .ARM.attributes
                0x00000000       0x1e /opt/st/stm32cubeide_1.16.0/plugins/com.st.stm32cube.ide.mcu.externaltools.gnu-tools-for-stm32.12.3.rel1.linux64_1.0.200.202406132123/tools/bin/../lib/gcc/arm-none-eabi/12.3.1/thumb/v7e-m/nofp/crti.o
 .ARM.attributes
                0x0000001e       0x2e /opt/st/stm32cubeide_1.16.0/plugins/com.st.stm32cube.ide.mcu.externaltools.gnu-tools-for-stm32.12.3.rel1.linux64_1.0.200.202406132123/tools/bin/../lib/gcc/arm-none-eabi/12.3.1/thumb/v7e-m/nofp/crtbegin.o
 .ARM.attributes
                0x0000004c       0x2e ./Src/IntExc.o
 .ARM.attributes
                0x0000007a       0x2e ./Src/StackAddressing.o
 .ARM.attributes
                0x000000a8       0x2e ./Src/SysTick.o
 .ARM.attributes
                0x000000d6       0x2e ./Src/Tasks.o
 .ARM.attributes
                0x00000104       0x2e ./Src/main.o
 .ARM.attributes
                0x00000132       0x21 ./Startup/startup_stm32f411ceux.o
 .ARM.attributes
                0x00000153       0x2e /opt/st/stm32cubeide_1.16.0/plugins/com.st.stm32cube.ide.mcu.externaltools.gnu-tools-for-stm32.12.3.rel1.linux64_1.0.200.202406132123/tools/bin/../lib/gcc/arm-none-eabi/12.3.1/../../../../arm-none-eabi/lib/thumb/v7e-m/nofp/libc_nano.a(libc_a-init.o)
 .ARM.attributes
                0x00000181       0x1e /opt/st/stm32cubeide_1.16.0/plugins/com.st.stm32cube.ide.mcu.externaltools.gnu-tools-for-stm32.12.3.rel1.linux64_1.0.200.202406132123/tools/bin/../lib/gcc/arm-none-eabi/12.3.1/thumb/v7e-m/nofp/crtn.o
OUTPUT(Task_schedular.elf elf32-littlearm)
LOAD linker stubs
LOAD /opt/st/stm32cubeide_1.16.0/plugins/com.st.stm32cube.ide.mcu.externaltools.gnu-tools-for-stm32.12.3.rel1.linux64_1.0.200.202406132123/tools/bin/../lib/gcc/arm-none-eabi/12.3.1/../../../../arm-none-eabi/lib/thumb/v7e-m/nofp/libc.a
LOAD /opt/st/stm32cubeide_1.16.0/plugins/com.st.stm32cube.ide.mcu.externaltools.gnu-tools-for-stm32.12.3.rel1.linux64_1.0.200.202406132123/tools/bin/../lib/gcc/arm-none-eabi/12.3.1/../../../../arm-none-eabi/lib/thumb/v7e-m/nofp/libm.a
LOAD /opt/st/stm32cubeide_1.16.0/plugins/com.st.stm32cube.ide.mcu.externaltools.gnu-tools-for-stm32.12.3.rel1.linux64_1.0.200.202406132123/tools/bin/../lib/gcc/arm-none-eabi/12.3.1/thumb/v7e-m/nofp/libgcc.a

.debug_info     0x00000000      0x8a5
 .debug_info    0x00000000       0x91 ./Src/IntExc.o
 .debug_info    0x00000091      0x21d ./Src/StackAddressing.o
 .debug_info    0x000002ae       0xd2 ./Src/SysTick.o
 .debug_info    0x00000380      0x2a8 ./Src/Tasks.o
 .debug_info    0x00000628      0x24d ./Src/main.o
 .debug_info    0x00000875       0x30 ./Startup/startup_stm32f411ceux.o

.debug_abbrev   0x00000000      0x499
 .debug_abbrev  0x00000000       0x47 ./Src/IntExc.o
 .debug_abbrev  0x00000047      0x134 ./Src/StackAddressing.o
 .debug_abbrev  0x0000017b       0x76 ./Src/SysTick.o
 .debug_abbrev  0x000001f1      0x162 ./Src/Tasks.o
 .debug_abbrev  0x00000353      0x122 ./Src/main.o
 .debug_abbrev  0x00000475       0x24 ./Startup/startup_stm32f411ceux.o

.debug_aranges  0x00000000      0x170
 .debug_aranges
                0x00000000       0x28 ./Src/IntExc.o
 .debug_aranges
                0x00000028       0x40 ./Src/StackAddressing.o
 .debug_aranges
                0x00000068       0x20 ./Src/SysTick.o
 .debug_aranges
                0x00000088       0x58 ./Src/Tasks.o
 .debug_aranges
                0x000000e0       0x68 ./Src/main.o
 .debug_aranges
                0x00000148       0x28 ./Startup/startup_stm32f411ceux.o

.debug_rnglists
                0x00000000       0xf8
 .debug_rnglists
                0x00000000       0x19 ./Src/IntExc.o
 .debug_rnglists
                0x00000019       0x2c ./Src/StackAddressing.o
 .debug_rnglists
                0x00000045       0x13 ./Src/SysTick.o
 .debug_rnglists
                0x00000058       0x3e ./Src/Tasks.o
 .debug_rnglists
                0x00000096       0x49 ./Src/main.o
 .debug_rnglists
                0x000000df       0x19 ./Startup/startup_stm32f411ceux.o

.debug_macro    0x00000000     0x1264
 .debug_macro   0x00000000       0x72 ./Src/IntExc.o
 .debug_macro   0x00000072      0xaae ./Src/IntExc.o
 .debug_macro   0x00000b20       0x22 ./Src/IntExc.o
 .debug_macro   0x00000b42       0x8e ./Src/IntExc.o
 .debug_macro   0x00000bd0       0x51 ./Src/IntExc.o
 .debug_macro   0x00000c21      0x103 ./Src/IntExc.o
 .debug_macro   0x00000d24       0x6a ./Src/IntExc.o
 .debug_macro   0x00000d8e      0x1df ./Src/IntExc.o
 .debug_macro   0x00000f6d       0x28 ./Src/IntExc.o
 .debug_macro   0x00000f95       0x84 ./Src/StackAddressing.o
 .debug_macro   0x00001019       0x28 ./Src/StackAddressing.o
 .debug_macro   0x00001041       0x40 ./Src/StackAddressing.o
 .debug_macro   0x00001081       0x2e ./Src/StackAddressing.o
 .debug_macro   0x000010af       0x72 ./Src/SysTick.o
 .debug_macro   0x00001121       0x16 ./Src/SysTick.o
 .debug_macro   0x00001137       0x84 ./Src/Tasks.o
 .debug_macro   0x000011bb       0x8d ./Src/main.o
 .debug_macro   0x00001248       0x1c ./Src/main.o

.debug_line     0x00000000     0x15c4
 .debug_line    0x00000000      0x378 ./Src/IntExc.o
 .debug_line    0x00000378      0x49d ./Src/StackAddressing.o
 .debug_line    0x00000815      0x37b ./Src/SysTick.o
 .debug_line    0x00000b90      0x519 ./Src/Tasks.o
 .debug_line    0x000010a9      0x4a0 ./Src/main.o
 .debug_line    0x00001549       0x7b ./Startup/startup_stm32f411ceux.o

.debug_str      0x00000000     0x425f
 .debug_str     0x00000000     0x3d05 ./Src/IntExc.o
                               0x3e60 (size before relaxing)
 .debug_str     0x00003d05      0x32f ./Src/StackAddressing.o
                               0x419b (size before relaxing)
 .debug_str     0x00004034       0xdc ./Src/SysTick.o
                               0x3dd4 (size before relaxing)
 .debug_str     0x00004110       0x59 ./Src/Tasks.o
                               0x4188 (size before relaxing)
 .debug_str     0x00004169       0xb7 ./Src/main.o
                               0x427b (size before relaxing)
 .debug_str     0x00004220       0x3f ./Startup/startup_stm32f411ceux.o
                                 0x95 (size before relaxing)

.comment        0x00000000       0x43
 .comment       0x00000000       0x43 ./Src/IntExc.o
                                 0x44 (size before relaxing)
 .comment       0x00000043       0x44 ./Src/StackAddressing.o
 .comment       0x00000043       0x44 ./Src/SysTick.o
 .comment       0x00000043       0x44 ./Src/Tasks.o
 .comment       0x00000043       0x44 ./Src/main.o

.debug_frame    0x00000000      0x3b0
 .debug_frame   0x00000000       0x30 ./Src/IntExc.o
 .debug_frame   0x00000030       0x98 ./Src/StackAddressing.o
 .debug_frame   0x000000c8       0x38 ./Src/SysTick.o
 .debug_frame   0x00000100      0x114 ./Src/Tasks.o
 .debug_frame   0x00000214      0x170 ./Src/main.o
 .debug_frame   0x00000384       0x2c /opt/st/stm32cubeide_1.16.0/plugins/com.st.stm32cube.ide.mcu.externaltools.gnu-tools-for-stm32.12.3.rel1.linux64_1.0.200.202406132123/tools/bin/../lib/gcc/arm-none-eabi/12.3.1/../../../../arm-none-eabi/lib/thumb/v7e-m/nofp/libc_nano.a(libc_a-init.o)

.debug_line_str
                0x00000000       0x79
 .debug_line_str
                0x00000000       0x79 ./Startup/startup_stm32f411ceux.o
